<html>
<body>
<pre>
<h1>µVision Build Log</h1>
<h2>Tool Versions:</h2>
IDE-Version: ¦ÌVision V5.43.1.0
Copyright (C) 2025 ARM Ltd and ARM Germany GmbH. All rights reserved.
License Information: w wyc, q, LIC=NQQMA-1245C-8TY3P-ML7NI-3ETBG-0BH7X
 
Tool Versions:
Toolchain:       MDK-ARM Plus  Version: 5.43.0.0
Toolchain Path:  D:\program\ARM\ARMCLANG\Bin
C Compiler:      ArmClang.exe V6.24
Assembler:       Armasm.exe V6.24
Linker/Locator:  ArmLink.exe V6.24
Library Manager: ArmAr.exe V6.24
Hex Converter:   FromElf.exe V6.24
CPU DLL:         SARMCM3.DLL V5.43.0.0
Dialog DLL:      DCM.DLL V1.17.5.0
Target DLL:      CMSIS_AGDI.dll V1.33.24.0
Dialog DLL:      TCM.DLL V1.56.6.0
 
<h2>Project:</h2>
D:\SmartCar\RT1064_Library\Example\Coreboard_Demo\project 2.0\mdk\rt1064.uvprojx
Project File Date:  05/03/2026

<h2>Output:</h2>
*** Using Compiler 'V6.24', folder: 'D:\program\ARM\ARMCLANG\Bin'
Build target 'nor_sdram_zf_dtcm'
compiling monitor.c...
linking...
Program Size: Code=80528 RO-data=11544 RW-data=632 ZI-data=39720  
".\Objects\rt1064.axf" - 0 Error(s), 0 Warning(s).

<h2>Software Packages used:</h2>

Package Vendor: NXP
                https://mcuxpresso.nxp.com/cmsis_pack/repo/NXP.MIMXRT1064_DFP.25.09.00.pack
                NXP::MIMXRT1064_DFP@25.09.00
                Device Family Pack for MIMXRT1064

<h2>Collection of Component include folders:</h2>
  D:/program/NXP/MIMXRT1064_DFP/25.09.00/devices/MIMXRT1064

<h2>Collection of Component Files used:</h2>
Build Time Elapsed:  00:00:02
</pre>
</body>
</html>
