<html>
<body>
<pre>
<h1>µVision Build Log</h1>
<h2>Tool Versions:</h2>
IDE-Version: ¦ÌVision V5.43.1.0
Copyright (C) 2025 ARM Ltd and ARM Germany GmbH. All rights reserved.
License Information:  ,  , LIC=YA39H-W7MSD-630MB-2KWQG-CZLP7-0AWR4
 
Tool Versions:
Toolchain:       MDK-ARM Plus  Version: 5.43.0.0
Toolchain Path:  F:\keil5_h750\ARM\ARMCLANG\Bin
C Compiler:      ArmClang.exe V6.24
Assembler:       Armasm.exe V6.24
Linker/Locator:  ArmLink.exe V6.24
Library Manager: ArmAr.exe V6.24
Hex Converter:   FromElf.exe V6.24
CPU DLL:         SARMCM3.DLL V5.43.0.0
Dialog DLL:      DCM.DLL V1.17.5.0
Target DLL:      CMSIS_AGDI.dll V1.33.24.0
Dialog DLL:      TCM.DLL V1.56.6.0
 
<h2>Project:</h2>
F:\Pid_monitor\project 2.0\mdk\rt1064.uvprojx
Project File Date:  05/14/2026

<h2>Output:</h2>
*** Using Compiler 'V6.24', folder: 'F:\keil5_h750\ARM\ARMCLANG\Bin'
Build target 'nor_sdram_zf_dtcm'
compiling mecanum.c...
compiling gpio.c...
compiling encoder.c...
compiling robot_control.c...
compiling odometry.c...
compiling main.c...
compiling math_tools.c...
compiling angle_pid.c...
compiling speed_pid.c...
compiling bluetooth.c...
compiling monitor.c...
compiling motor_driver.c...
compiling gyroscope.c...
compiling pulse_calibration_mode.c...
compiling position_pid.c...
linking...
Program Size: Code=96768 RO-data=12692 RW-data=740 ZI-data=230884  
".\Objects\rt1064.axf" - 0 Error(s), 0 Warning(s).

<h2>Software Packages used:</h2>

Package Vendor: NXP
                https://mcuxpresso.nxp.com/cmsis_pack/repo/NXP.MIMXRT1064_DFP.25.09.00.pack
                NXP::MIMXRT1064_DFP@25.09.00
                Device Family Pack for MIMXRT1064

<h2>Collection of Component include folders:</h2>
  F:/keil5_h750/NXP/MIMXRT1064_DFP/25.09.00/devices/MIMXRT1064

<h2>Collection of Component Files used:</h2>
Build Time Elapsed:  00:00:08
</pre>
</body>
</html>
